MO vgamult NULL ../../GitHub/901div/vgamult.v vlg00/vgamult.bin 1392267065
MO rom NULL ipcore_dir/rom.v vlg3A/rom.bin 1392267065
MO vga_clk NULL vga_clk.v vlg5F/vga__clk.bin 1392267065
MO vga_logic NULL ../../GitHub/901div/vga_logic.v vlg43/vga__logic.bin 1392267065
MO dvi_ifc NULL ../../GitHub/901div/dvi_ifc.v vlg50/dvi__ifc.bin 1392267065
MO main_logic NULL "../../GitHub/901div/main_logic (2).v" vlg1E/main__logic.bin 1392267065
MO fifo NULL ipcore_dir/fifo.v vlg7C/fifo.bin 1392267065
