MO rom NULL ../../901div/coregens/rom.v vlg3A/rom.bin 1392174087
MO i2c_master_top NULL ../../901div/i2c_master_top.v vlg67/i2c__master__top.bin 1391652298
MO i2c_master_byte_ctrl NULL ../../901div/i2c_master_byte_ctrl.v vlg5C/i2c__master__byte__ctrl.bin 1391652298
MO clkgen NULL clkgen.v vlg60/clkgen.bin 1392174087
MO i2c_master_bit_ctrl NULL ../../901div/i2c_master_bit_ctrl.v vlg07/i2c__master__bit__ctrl.bin 1391652298
MO dvi_ifc NULL ../../901div/dvi_ifc.v vlg50/dvi__ifc.bin 1392174087
MO fifo NULL ../../901div/coregens/fifo.v vlg7C/fifo.bin 1392174087
MO top_level NULL ../../901min2/top_level.v vlg7A/top__level.bin 1391554509
